../../TouchGFX/gui/include/gui/screen_1_screen/Screen_1Presenter.hpp:28:13:Screen_1Presenter::~Screen_1Presenter()	0	static
C:/FINALPROJECT/genx320/GENX320_demo_project_by_Prophesee/GenX320_STM32_V2.0.0/TouchGFX/gui/src/screen_1_screen/Screen_1Presenter.cpp:10:6:virtual void Screen_1Presenter::activate()	0	static
../../TouchGFX/gui/include/gui/screen_1_screen/Screen_1Presenter.hpp:28:13:virtual Screen_1Presenter::~Screen_1Presenter()	8	static
../../TouchGFX/gui/include/gui/screen_1_screen/Screen_1Presenter.hpp:28:13:virtual void* Screen_1Presenter::_ZThn4_N17Screen_1PresenterD1Ev()	0	static
C:/FINALPROJECT/genx320/GENX320_demo_project_by_Prophesee/GenX320_STM32_V2.0.0/TouchGFX/gui/src/screen_1_screen/Screen_1Presenter.cpp:4:1:Screen_1Presenter::Screen_1Presenter(Screen_1View&)	0	static
