C:/FINALPROJECT/genx320/GENX320_demo_project_by_Prophesee/GenX320_STM32_V2.0.0/Core/Src/main.c:351:14:pvStaticAllocate	2
C:/FINALPROJECT/genx320/GENX320_demo_project_by_Prophesee/GenX320_STM32_V2.0.0/Core/Src/main.c:1066:13:MX_DMA_Init	1
C:/FINALPROJECT/genx320/GENX320_demo_project_by_Prophesee/GenX320_STM32_V2.0.0/Core/Src/main.c:1333:6:ESP_LPW_Task	1
C:/FINALPROJECT/genx320/GENX320_demo_project_by_Prophesee/GenX320_STM32_V2.0.0/Core/Src/main.c:1349:6:Task_Update_Fb	1
C:/FINALPROJECT/genx320/GENX320_demo_project_by_Prophesee/GenX320_STM32_V2.0.0/Core/Src/main.c:1365:6:Event_Decoding_Task	1
C:/FINALPROJECT/genx320/GENX320_demo_project_by_Prophesee/GenX320_STM32_V2.0.0/Core/Src/main.c:1380:6:Activity_Map_Task	1
C:/FINALPROJECT/genx320/GENX320_demo_project_by_Prophesee/GenX320_STM32_V2.0.0/Core/Src/main.c:1396:6:Statistics_Task	1
C:/FINALPROJECT/genx320/GENX320_demo_project_by_Prophesee/GenX320_STM32_V2.0.0/Core/Src/main.c:1412:6:Led_Tracking_Task	1
C:/FINALPROJECT/genx320/GENX320_demo_project_by_Prophesee/GenX320_STM32_V2.0.0/Core/Src/main.c:248:6:HAL_DMA_MasterCpltCallback	1
C:/FINALPROJECT/genx320/GENX320_demo_project_by_Prophesee/GenX320_STM32_V2.0.0/Core/Src/main.c:230:6:HAL_I2C_MasterTxCpltCallback	1
C:/FINALPROJECT/genx320/GENX320_demo_project_by_Prophesee/GenX320_STM32_V2.0.0/Core/Src/main.c:239:6:HAL_I2C_MasterRxCpltCallback	1
C:/FINALPROJECT/genx320/GENX320_demo_project_by_Prophesee/GenX320_STM32_V2.0.0/Core/Src/main.c:258:1:__io_putchar	1
C:/FINALPROJECT/genx320/GENX320_demo_project_by_Prophesee/GenX320_STM32_V2.0.0/Core/Src/main.c:267:6:HAL_LTDC_ReloadEventCallback	1
C:/FINALPROJECT/genx320/GENX320_demo_project_by_Prophesee/GenX320_STM32_V2.0.0/Core/Src/main.c:274:6:reset_buffers	1
C:/FINALPROJECT/genx320/GENX320_demo_project_by_Prophesee/GenX320_STM32_V2.0.0/Core/Src/main.c:285:6:ULP_standby_sequence	2
C:/FINALPROJECT/genx320/GENX320_demo_project_by_Prophesee/GenX320_STM32_V2.0.0/Core/Src/main.c:320:6:ULP_wakeup_sequence	1
C:/FINALPROJECT/genx320/GENX320_demo_project_by_Prophesee/GenX320_STM32_V2.0.0/Core/Src/main.c:543:6:SystemClock_Config	1
C:/FINALPROJECT/genx320/GENX320_demo_project_by_Prophesee/GenX320_STM32_V2.0.0/Core/Src/main.c:375:5:main	3
C:/FINALPROJECT/genx320/GENX320_demo_project_by_Prophesee/GenX320_STM32_V2.0.0/Core/Src/main.c:1466:6:HAL_TIM_PeriodElapsedCallback	2
C:/FINALPROJECT/genx320/GENX320_demo_project_by_Prophesee/GenX320_STM32_V2.0.0/Core/Src/main.c:1483:6:Error_Handler	1
