../Application/User/Core/predictor.c:18:6:print_NN_Input	24	static
../Application/User/Core/predictor.c:29:7:dequantize_weight	0	static
../Application/User/Core/predictor.c:35:5:input_index	8	static
../Application/User/Core/predictor.c:40:5:input_index2D	0	static
../Application/User/Core/predictor.c:45:6:Conv	96	static
../Application/User/Core/predictor.c:78:7:sigmoid	8	static
../Application/User/Core/predictor.c:84:6:fullyConnectedLayer	40	static
../Application/User/Core/predictor.c:102:5:getMaxIndex	12	static
../Application/User/Core/predictor.c:116:6:max_pooling	64	static
../Application/User/Core/predictor.c:143:5:predict	0	static
../Application/User/Core/predictor.c:156:5:calculate_the_weight_of_a_9by9_block	16	static
../Application/User/Core/predictor.c:170:5:predict_main	32	static
